--------------------------------------------------------------------------------
Release 14.7 Trace  (nt64)
Copyright (c) 1995-2013 Xilinx, Inc.  All rights reserved.

C:\Xilinx\14.7\ISE_DS\ISE\bin\nt64\unwrapped\trce.exe -intstyle ise -v 3 -s 4
-n 3 -fastpaths -xml alu.twx alu.ncd -o alu.twr alu.pcf -ucf aluzdy.ucf

Design file:              alu.ncd
Physical constraint file: alu.pcf
Device,package,speed:     xc3s1200e,fg320,-4 (PRODUCTION 1.27 2013-10-13)
Report level:             verbose report

Environment Variable      Effect 
--------------------      ------ 
NONE                      No environment variables were set
--------------------------------------------------------------------------------

INFO:Timing:2698 - No timing constraints found, doing default enumeration.
INFO:Timing:3412 - To improve timing, see the Timing Closure User Guide (UG612).
INFO:Timing:2752 - To get complete path coverage, use the unconstrained paths 
   option. All paths that are not constrained will be reported in the 
   unconstrained paths section(s) of the report.
INFO:Timing:3339 - The clock-to-out numbers in this timing report are based on 
   a 50 Ohm transmission line loading model.  For the details of this model, 
   and for more information on accounting for different loading conditions, 
   please see the device datasheet.
INFO:Timing:3390 - This architecture does not support a default System Jitter 
   value, please add SYSTEM_JITTER constraint to the UCF to modify the Clock 
   Uncertainty calculation.
INFO:Timing:3389 - This architecture does not support 'Discrete Jitter' and 
   'Phase Error' calculations, these terms will be zero in the Clock 
   Uncertainty calculation.  Please make appropriate modification to 
   SYSTEM_JITTER to account for the unsupported Discrete Jitter and Phase 
   Error.



Data Sheet report:
-----------------
All values displayed in nanoseconds (ns)

Setup/Hold to clock CLK
------------+------------+------------+------------------+--------+
            |Max Setup to|Max Hold to |                  | Clock  |
Source      | clk (edge) | clk (edge) |Internal Clock(s) | Phase  |
------------+------------+------------+------------------+--------+
INPUT<0>    |    3.736(R)|   -0.087(R)|CLK_BUFGP         |   0.000|
INPUT<1>    |    3.683(R)|   -0.796(R)|CLK_BUFGP         |   0.000|
INPUT<2>    |    4.747(R)|   -0.476(R)|CLK_BUFGP         |   0.000|
INPUT<3>    |    4.803(R)|    0.124(R)|CLK_BUFGP         |   0.000|
INPUT<4>    |    4.360(R)|    0.423(R)|CLK_BUFGP         |   0.000|
INPUT<5>    |    5.567(R)|    0.584(R)|CLK_BUFGP         |   0.000|
INPUT<6>    |    4.759(R)|    0.575(R)|CLK_BUFGP         |   0.000|
INPUT<7>    |    5.109(R)|    0.129(R)|CLK_BUFGP         |   0.000|
INPUT<8>    |    6.318(R)|    0.648(R)|CLK_BUFGP         |   0.000|
INPUT<9>    |    6.085(R)|    0.419(R)|CLK_BUFGP         |   0.000|
INPUT<10>   |    5.942(R)|   -0.255(R)|CLK_BUFGP         |   0.000|
INPUT<11>   |    7.159(R)|    0.144(R)|CLK_BUFGP         |   0.000|
INPUT<12>   |    7.252(R)|    0.192(R)|CLK_BUFGP         |   0.000|
INPUT<13>   |    7.293(R)|    0.344(R)|CLK_BUFGP         |   0.000|
INPUT<14>   |    4.419(R)|    0.072(R)|CLK_BUFGP         |   0.000|
INPUT<15>   |    4.966(R)|    0.561(R)|CLK_BUFGP         |   0.000|
------------+------------+------------+------------------+--------+

Clock CLK to Pad
------------+------------+------------------+--------+
            | clk (edge) |                  | Clock  |
Destination |   to PAD   |Internal Clock(s) | Phase  |
------------+------------+------------------+--------+
OUTPUT<0>   |    9.866(R)|CLK_BUFGP         |   0.000|
OUTPUT<1>   |   10.103(R)|CLK_BUFGP         |   0.000|
OUTPUT<2>   |   10.465(R)|CLK_BUFGP         |   0.000|
OUTPUT<3>   |    9.942(R)|CLK_BUFGP         |   0.000|
OUTPUT<4>   |   10.256(R)|CLK_BUFGP         |   0.000|
OUTPUT<5>   |    9.975(R)|CLK_BUFGP         |   0.000|
OUTPUT<6>   |   10.514(R)|CLK_BUFGP         |   0.000|
OUTPUT<7>   |   10.522(R)|CLK_BUFGP         |   0.000|
OUTPUT<8>   |   10.332(R)|CLK_BUFGP         |   0.000|
OUTPUT<9>   |   10.434(R)|CLK_BUFGP         |   0.000|
OUTPUT<10>  |   11.060(R)|CLK_BUFGP         |   0.000|
OUTPUT<11>  |   11.067(R)|CLK_BUFGP         |   0.000|
OUTPUT<12>  |   10.278(R)|CLK_BUFGP         |   0.000|
OUTPUT<13>  |   10.699(R)|CLK_BUFGP         |   0.000|
OUTPUT<14>  |   11.739(R)|CLK_BUFGP         |   0.000|
OUTPUT<15>  |   10.720(R)|CLK_BUFGP         |   0.000|
stateCnt<0> |    9.087(R)|CLK_BUFGP         |   0.000|
stateCnt<2> |    8.783(R)|CLK_BUFGP         |   0.000|
stateCnt<3> |    9.086(R)|CLK_BUFGP         |   0.000|
stateCnt<4> |    8.431(R)|CLK_BUFGP         |   0.000|
stateCnt<5> |    8.804(R)|CLK_BUFGP         |   0.000|
stateCnt<6> |    9.486(R)|CLK_BUFGP         |   0.000|
------------+------------+------------------+--------+

Clock to Setup on destination clock CLK
---------------+---------+---------+---------+---------+
               | Src:Rise| Src:Fall| Src:Rise| Src:Fall|
Source Clock   |Dest:Rise|Dest:Rise|Dest:Fall|Dest:Fall|
---------------+---------+---------+---------+---------+
CLK            |   10.677|         |         |         |
---------------+---------+---------+---------+---------+


Analysis completed Mon Jul 08 10:16:08 2019 
--------------------------------------------------------------------------------

Trace Settings:
-------------------------
Trace Settings 

Peak Memory Usage: 4531 MB



