V3 7
FL C:/Users/Raibows/Downloads/st-code/Sram_Write_Read/Sram_Write_Read.vhd 2019/06/22.08:51:25 P.20131013
AR work/register_file/behavior 1561164051 \
      FL C:/Users/Raibows/Downloads/st-code/Sram_Write_Read/Sram_Write_Read.vhd \
      EN work/register_file 1561164050
EN work/Sram_Write_Read 1561164689 \
      FL C:/Users/Raibows/Downloads/st-code/Sram_Write_Read/Sram_Write_Read.vhd \
      PB ieee/std_logic_1164 1381692176 PB ieee/STD_LOGIC_UNSIGNED 1381692179 \
      PB ieee/std_logic_arith 1381692177
AR work/Sram_Write_Read/Behavioral 1561164690 \
      FL C:/Users/Raibows/Downloads/st-code/Sram_Write_Read/Sram_Write_Read.vhd \
      EN work/Sram_Write_Read 1561164689
FL "D:/CO exps/4/Sram_Write_Read/Sram_Write_Read.vhd" 2019/01/04.16:13:06 P.20131013
FL "I:/CO exps/3/Sram_Write_Read/Sram_Write_Read.vhd" 2019/05/25.15:27:42 P.20131013
